2024-01-15 10:30:15 INFO [UserService] User login successful: john.doe@example.com
2024-01-15 10:30:16 ERROR [DatabaseService] Connection failed: timeout after 30s
2024-01-15 10:30:17 WARN [CacheService] Cache miss for key: user_profile_123
2024-01-15 10:30:18 INFO [PaymentService] Payment processed: transaction_id=ABC123, amount=99.99
2024-01-15 10:30:19 ERROR [EmailService] Failed to send email: invalid recipient
2024-01-15 10:30:20 INFO [AuthService] Password reset requested: user_id=456
2024-01-15 10:30:21 DEBUG [LogService] Debug message: processing request
2024-01-15 10:30:22 ERROR [FileService] File not found: /var/log/app.log
2024-01-15 10:30:23 INFO [NotificationService] Push notification sent: device_id=789
2024-01-15 10:30:24 WARN [SecurityService] Multiple failed login attempts: IP=192.168.1.100
2024-01-15 10:30:25 INFO [OrderService] Order created: order_id=ORD-2024-001
2024-01-15 10:30:26 ERROR [APIService] Rate limit exceeded: endpoint=/api/users
2024-01-15 10:30:27 INFO [InventoryService] Stock updated: product_id=PROD-123, quantity=50
2024-01-15 10:30:28 DEBUG [MetricsService] Performance metric: response_time=150ms
2024-01-15 10:30:29 ERROR [BackupService] Backup failed: disk space insufficient
2024-01-15 10:30:30 INFO [ReportService] Report generated: report_id=REP-2024-001
